[   25158ms] [ERROR] Failed to load resource: net::ERR_CONNECTION_REFUSED @ https://00o24plp3pwzmaelrjez.authenticatorlocalprod.com:8769/probe:0
[   25159ms] [ERROR] Something unexpected happened while we were checking port 8769. @ https://ok1static2.oktacdn.com/assets/js/mvc/sentry-wrapper/sentry-wrapper.pack.df0341117f37a4556d86db4ca920273b.js:0
[   25160ms] [ERROR] Authenticator is not listening on port 8769. @ https://ok1static2.oktacdn.com/assets/js/mvc/sentry-wrapper/sentry-wrapper.pack.df0341117f37a4556d86db4ca920273b.js:0
[   25438ms] [ERROR] Failed to load resource: net::ERR_CONNECTION_REFUSED @ https://00o24plp3pwzmaelrjez.authenticatorlocalprod.com:65111/probe:0
[   25439ms] [ERROR] Something unexpected happened while we were checking port 65111. @ https://ok1static2.oktacdn.com/assets/js/mvc/sentry-wrapper/sentry-wrapper.pack.df0341117f37a4556d86db4ca920273b.js:0
[   25439ms] [ERROR] Authenticator is not listening on port 65111. @ https://ok1static2.oktacdn.com/assets/js/mvc/sentry-wrapper/sentry-wrapper.pack.df0341117f37a4556d86db4ca920273b.js:0
[   25785ms] [ERROR] Failed to load resource: net::ERR_CONNECTION_REFUSED @ https://00o24plp3pwzmaelrjez.authenticatorlocalprod.com:65121/probe:0
[   25786ms] [ERROR] Something unexpected happened while we were checking port 65121. @ https://ok1static2.oktacdn.com/assets/js/mvc/sentry-wrapper/sentry-wrapper.pack.df0341117f37a4556d86db4ca920273b.js:0
[   25786ms] [ERROR] Authenticator is not listening on port 65121. @ https://ok1static2.oktacdn.com/assets/js/mvc/sentry-wrapper/sentry-wrapper.pack.df0341117f37a4556d86db4ca920273b.js:0
[   26022ms] [ERROR] Failed to load resource: net::ERR_CONNECTION_REFUSED @ https://00o24plp3pwzmaelrjez.authenticatorlocalprod.com:65131/probe:0
[   26022ms] [ERROR] Something unexpected happened while we were checking port 65131. @ https://ok1static2.oktacdn.com/assets/js/mvc/sentry-wrapper/sentry-wrapper.pack.df0341117f37a4556d86db4ca920273b.js:0
[   26022ms] [ERROR] Authenticator is not listening on port 65131. @ https://ok1static2.oktacdn.com/assets/js/mvc/sentry-wrapper/sentry-wrapper.pack.df0341117f37a4556d86db4ca920273b.js:0
[   26194ms] [ERROR] Failed to load resource: net::ERR_CONNECTION_REFUSED @ https://00o24plp3pwzmaelrjez.authenticatorlocalprod.com:65141/probe:0
[   26194ms] [ERROR] Something unexpected happened while we were checking port 65141. @ https://ok1static2.oktacdn.com/assets/js/mvc/sentry-wrapper/sentry-wrapper.pack.df0341117f37a4556d86db4ca920273b.js:0
[   26195ms] [ERROR] Authenticator is not listening on port 65141. @ https://ok1static2.oktacdn.com/assets/js/mvc/sentry-wrapper/sentry-wrapper.pack.df0341117f37a4556d86db4ca920273b.js:0
[   26489ms] [ERROR] Failed to load resource: net::ERR_CONNECTION_REFUSED @ https://00o24plp3pwzmaelrjez.authenticatorlocalprod.com:65151/probe:0
[   26490ms] [ERROR] Something unexpected happened while we were checking port 65151. @ https://ok1static2.oktacdn.com/assets/js/mvc/sentry-wrapper/sentry-wrapper.pack.df0341117f37a4556d86db4ca920273b.js:0
[   26490ms] [ERROR] Authenticator is not listening on port 65151. @ https://ok1static2.oktacdn.com/assets/js/mvc/sentry-wrapper/sentry-wrapper.pack.df0341117f37a4556d86db4ca920273b.js:0
[   26492ms] [ERROR] Failed to load resource: net::ERR_CONNECTION_REFUSED @ http://127.0.0.1:8769/probe:0
[   26492ms] [ERROR] Something unexpected happened while we were checking port 8769. @ https://ok1static2.oktacdn.com/assets/js/mvc/sentry-wrapper/sentry-wrapper.pack.df0341117f37a4556d86db4ca920273b.js:0
[   26492ms] [ERROR] Authenticator is not listening on port 8769. @ https://ok1static2.oktacdn.com/assets/js/mvc/sentry-wrapper/sentry-wrapper.pack.df0341117f37a4556d86db4ca920273b.js:0
[   26494ms] [ERROR] Failed to load resource: net::ERR_CONNECTION_REFUSED @ http://127.0.0.1:65111/probe:0
[   26494ms] [ERROR] Something unexpected happened while we were checking port 65111. @ https://ok1static2.oktacdn.com/assets/js/mvc/sentry-wrapper/sentry-wrapper.pack.df0341117f37a4556d86db4ca920273b.js:0
[   26495ms] [ERROR] Authenticator is not listening on port 65111. @ https://ok1static2.oktacdn.com/assets/js/mvc/sentry-wrapper/sentry-wrapper.pack.df0341117f37a4556d86db4ca920273b.js:0
[   26496ms] [ERROR] Failed to load resource: net::ERR_CONNECTION_REFUSED @ http://127.0.0.1:65121/probe:0
[   26496ms] [ERROR] Something unexpected happened while we were checking port 65121. @ https://ok1static2.oktacdn.com/assets/js/mvc/sentry-wrapper/sentry-wrapper.pack.df0341117f37a4556d86db4ca920273b.js:0
[   26496ms] [ERROR] Authenticator is not listening on port 65121. @ https://ok1static2.oktacdn.com/assets/js/mvc/sentry-wrapper/sentry-wrapper.pack.df0341117f37a4556d86db4ca920273b.js:0
[   26498ms] [ERROR] Failed to load resource: net::ERR_CONNECTION_REFUSED @ http://127.0.0.1:65131/probe:0
[   26498ms] [ERROR] Something unexpected happened while we were checking port 65131. @ https://ok1static2.oktacdn.com/assets/js/mvc/sentry-wrapper/sentry-wrapper.pack.df0341117f37a4556d86db4ca920273b.js:0
[   26498ms] [ERROR] Authenticator is not listening on port 65131. @ https://ok1static2.oktacdn.com/assets/js/mvc/sentry-wrapper/sentry-wrapper.pack.df0341117f37a4556d86db4ca920273b.js:0
[   26499ms] [ERROR] Failed to load resource: net::ERR_CONNECTION_REFUSED @ http://127.0.0.1:65141/probe:0
[   26499ms] [ERROR] Something unexpected happened while we were checking port 65141. @ https://ok1static2.oktacdn.com/assets/js/mvc/sentry-wrapper/sentry-wrapper.pack.df0341117f37a4556d86db4ca920273b.js:0
[   26499ms] [ERROR] Authenticator is not listening on port 65141. @ https://ok1static2.oktacdn.com/assets/js/mvc/sentry-wrapper/sentry-wrapper.pack.df0341117f37a4556d86db4ca920273b.js:0
[   26500ms] [ERROR] Failed to load resource: net::ERR_CONNECTION_REFUSED @ http://127.0.0.1:65151/probe:0
[   26500ms] [ERROR] Something unexpected happened while we were checking port 65151. @ https://ok1static2.oktacdn.com/assets/js/mvc/sentry-wrapper/sentry-wrapper.pack.df0341117f37a4556d86db4ca920273b.js:0
[   26500ms] [ERROR] Authenticator is not listening on port 65151. @ https://ok1static2.oktacdn.com/assets/js/mvc/sentry-wrapper/sentry-wrapper.pack.df0341117f37a4556d86db4ca920273b.js:0
[   26500ms] [ERROR] No available ports. Loopback server failed and polling is cancelled. @ https://ok1static2.oktacdn.com/assets/js/mvc/sentry-wrapper/sentry-wrapper.pack.df0341117f37a4556d86db4ca920273b.js:0
[   54554ms] [WARNING] <meta name="apple-mobile-web-app-capable" content="yes"> is deprecated. Please include <meta name="mobile-web-app-capable" content="yes"> @ https://veevasys.okta.com/login/token/redirect?stateToken=02.id.-cG3mUK7b0W6pThTe-zIRs-JZqMCx_7imvId4r9g:0
